Vivado Simulator v2023.2
Copyright 1986-2022 Xilinx, Inc. All Rights Reserved.
Copyright 2022-2023 Advanced Micro Devices, Inc. All Rights Reserved.
Running: /opt/Vivado/2023.2/bin/unwrapped/lnx64.o/xelab --incr --debug typical --relax --mt 8 -L xil_defaultlib -L lib_pkg_v1_0_3 -L axi_apb_bridge_v3_0_19 -L axi_infrastructure_v1_1_0 -L axi_vip_v1_1_15 -L uvm -L xilinx_vip -L unisims_ver -L unimacro_ver -L secureip -L xpm --snapshot fire_wall_tb_behav xil_defaultlib.fire_wall_tb xil_defaultlib.glbl -log elaborate.log 
Using 8 slave threads.
Starting static elaboration
Pass Through NonSizing Optimizer
WARNING: [VRFC 10-3091] actual bit length 201 differs from formal bit length 200 for port 'bram_data_in' [/home/ducthanh/thanhntd/FireWall_ver_4/FireWall_ver_4.srcs/sources_1/new/FireWall_top.v:104]
WARNING: [VRFC 10-3091] actual bit length 201 differs from formal bit length 200 for port 'bram_data_out' [/home/ducthanh/thanhntd/FireWall_ver_4/FireWall_ver_4.srcs/sources_1/new/FireWall_top.v:105]
WARNING: [VRFC 10-3091] actual bit length 201 differs from formal bit length 200 for port 'bram_init_out' [/home/ducthanh/thanhntd/FireWall_ver_4/FireWall_ver_4.srcs/sources_1/new/FireWall_top.v:120]
WARNING: [VRFC 10-3091] actual bit length 201 differs from formal bit length 200 for port 'in_1' [/home/ducthanh/thanhntd/FireWall_ver_4/FireWall_ver_4.srcs/sources_1/new/FireWall_top.v:130]
WARNING: [VRFC 10-3091] actual bit length 201 differs from formal bit length 200 for port 'in_2' [/home/ducthanh/thanhntd/FireWall_ver_4/FireWall_ver_4.srcs/sources_1/new/FireWall_top.v:131]
WARNING: [VRFC 10-3091] actual bit length 201 differs from formal bit length 200 for port 'out' [/home/ducthanh/thanhntd/FireWall_ver_4/FireWall_ver_4.srcs/sources_1/new/FireWall_top.v:133]
WARNING: [VRFC 10-3091] actual bit length 32 differs from formal bit length 1 for port 'cs_n' [/home/ducthanh/thanhntd/FireWall_ver_4/FireWall_ver_4.srcs/sources_1/new/FireWall_top.v:158]
WARNING: [VRFC 10-3091] actual bit length 201 differs from formal bit length 200 for port 'bram_data_in' [/home/ducthanh/thanhntd/FireWall_ver_4/FireWall_ver_4.srcs/sources_1/new/FireWall_top.v:161]
WARNING: [VRFC 10-3091] actual bit length 201 differs from formal bit length 200 for port 'bram_data_out' [/home/ducthanh/thanhntd/FireWall_ver_4/FireWall_ver_4.srcs/sources_1/new/FireWall_top.v:162]
Completed static elaboration
Starting simulation data flow analysis
WARNING: [XSIM 43-4099] "/home/ducthanh/thanhntd/FireWall_ver_4/FireWall_ver_4.srcs/sources_1/new/FireWall_apb.v" Line 1. Module apb_slave doesn't have a timescale but at least one module in design has a timescale.
WARNING: [XSIM 43-4099] "/home/ducthanh/thanhntd/FireWall_ver_4/FireWall_ver_4.srcs/sources_1/new/FireWall_Pack.v" Line 1. Module FireWall_Pack doesn't have a timescale but at least one module in design has a timescale.
WARNING: [XSIM 43-4099] "/home/ducthanh/thanhntd/FireWall_ver_4/FireWall_ver_4.srcs/sources_1/new/Bram_init.v" Line 1. Module Bram_init doesn't have a timescale but at least one module in design has a timescale.
WARNING: [XSIM 43-4099] "/home/ducthanh/thanhntd/FireWall_ver_4/FireWall_ver_4.srcs/sources_1/new/FireWall_mux.v" Line 1. Module mux doesn't have a timescale but at least one module in design has a timescale.
WARNING: [XSIM 43-4099] "/home/ducthanh/thanhntd/FireWall_ver_4/FireWall_ver_4.srcs/sources_1/new/AddressWr_mux.v" Line 1. Module AddressWr_mux doesn't have a timescale but at least one module in design has a timescale.
WARNING: [XSIM 43-4099] "/home/ducthanh/thanhntd/FireWall_ver_4/FireWall_ver_4.srcs/sources_1/new/Bram.v" Line 1. Module bram(BRAM_ADDR_WIDTH=8,BRAM_DATA_WIDTH=200) doesn't have a timescale but at least one module in design has a timescale.
WARNING: [XSIM 43-4099] "/home/ducthanh/thanhntd/FireWall_ver_4/FireWall_ver_4.srcs/sources_1/new/FireWall_apb.v" Line 1. Module apb_slave doesn't have a timescale but at least one module in design has a timescale.
WARNING: [XSIM 43-4099] "/home/ducthanh/thanhntd/FireWall_ver_4/FireWall_ver_4.srcs/sources_1/new/FireWall_Pack.v" Line 1. Module FireWall_Pack doesn't have a timescale but at least one module in design has a timescale.
WARNING: [XSIM 43-4099] "/home/ducthanh/thanhntd/FireWall_ver_4/FireWall_ver_4.srcs/sources_1/new/Bram_init.v" Line 1. Module Bram_init doesn't have a timescale but at least one module in design has a timescale.
WARNING: [XSIM 43-4099] "/home/ducthanh/thanhntd/FireWall_ver_4/FireWall_ver_4.srcs/sources_1/new/FireWall_mux.v" Line 1. Module mux doesn't have a timescale but at least one module in design has a timescale.
WARNING: [XSIM 43-4099] "/home/ducthanh/thanhntd/FireWall_ver_4/FireWall_ver_4.srcs/sources_1/new/AddressWr_mux.v" Line 1. Module AddressWr_mux doesn't have a timescale but at least one module in design has a timescale.
WARNING: [XSIM 43-4099] "/home/ducthanh/thanhntd/FireWall_ver_4/FireWall_ver_4.srcs/sources_1/new/Bram.v" Line 1. Module bram(BRAM_ADDR_WIDTH=8,BRAM_DATA_WIDTH=200) doesn't have a timescale but at least one module in design has a timescale.
Completed simulation data flow analysis
Time Resolution for simulation is 1ps
Compiling package std.standard
Compiling package std.textio
Compiling package ieee.std_logic_1164
Compiling package ieee.numeric_std
Compiling package ieee.std_logic_arith
Compiling package ieee.std_logic_unsigned
Compiling package synopsys.attributes
Compiling package ieee.std_logic_misc
Compiling package lib_pkg_v1_0_3.lib_pkg
Compiling package xilinx_vip.axi_vip_pkg
Compiling package xilinx_vip.xil_common_vip_pkg
Compiling package std.std
Compiling module xil_defaultlib.apb_slave
Compiling module xil_defaultlib.FireWall_Pack
Compiling module xil_defaultlib.Bram_init
Compiling module xil_defaultlib.mux
Compiling module xil_defaultlib.AddressWr_mux
Compiling module xil_defaultlib.bram(BRAM_ADDR_WIDTH=8,BRAM_DATA...
Compiling module xil_defaultlib.Fire_wall_top
Compiling module xil_defaultlib.design_1_Fire_wall_top_0_0
Compiling architecture rtl of entity axi_apb_bridge_v3_0_19.psel_decoder [\psel_decoder(c_family="zynquplu...]
Compiling architecture rtl of entity axi_apb_bridge_v3_0_19.multiplexor [\multiplexor(c_apb_num_slaves=1)...]
Compiling architecture rtl of entity axi_apb_bridge_v3_0_19.axilite_sif [\axilite_sif(c_family="zynquplus...]
Compiling architecture rtl of entity axi_apb_bridge_v3_0_19.apb_mif [\apb_mif(c_apb_num_slaves=1,c_m_...]
Compiling architecture rtl of entity axi_apb_bridge_v3_0_19.axi_apb_bridge [\axi_apb_bridge(c_family="zynqup...]
Compiling architecture design_1_axi_apb_bridge_0_0_arch of entity xil_defaultlib.design_1_axi_apb_bridge_0_0 [design_1_axi_apb_bridge_0_0_defa...]
Compiling module xilinx_vip.axi_vip_axi4pc(WDATA_WIDTH=32,RD...
Compiling module xilinx_vip.cb
Compiling module xilinx_vip.axi_vip_if(C_AXI_PROTOCOL=2,C_AX...
Compiling module axi_vip_v1_1_15.axi_vip_v1_1_15_top(C_AXI_PROTOC...
Compiling module xil_defaultlib.design_1_axi_vip_0_0
Compiling module xil_defaultlib.design_1
Compiling module xil_defaultlib.design_1_wrapper
Compiling module xil_defaultlib.fire_wall_tb
Compiling module xil_defaultlib.glbl
Built simulation snapshot fire_wall_tb_behav
